Archive member included to satisfy reference by file (symbol)

/usr/lib/x86_64-linux-gnu/libc_nonshared.a(elf-init.oS)
                              /usr/lib/gcc/x86_64-linux-gnu/7/../../../x86_64-linux-gnu/Scrt1.o (__libc_csu_init)

As-needed library included to satisfy reference by file (symbol)

libc.so.6                     ./course1.o (puts@@GLIBC_2.2.5)

Allocating common symbols
Common symbol       size              file

buffer              0xa               ./main.o

Discarded input sections

 .note.GNU-stack
                0x0000000000000000        0x0 /usr/lib/gcc/x86_64-linux-gnu/7/../../../x86_64-linux-gnu/Scrt1.o
 .note.GNU-stack
                0x0000000000000000        0x0 /usr/lib/gcc/x86_64-linux-gnu/7/../../../x86_64-linux-gnu/crti.o
 .note.GNU-stack
                0x0000000000000000        0x0 /usr/lib/gcc/x86_64-linux-gnu/7/crtbeginS.o
 .note.GNU-stack
                0x0000000000000000        0x0 ./main.o
 .note.GNU-stack
                0x0000000000000000        0x0 ./course1.o
 .note.GNU-stack
                0x0000000000000000        0x0 ./data.o
 .note.GNU-stack
                0x0000000000000000        0x0 ./memory.o
 .note.GNU-stack
                0x0000000000000000        0x0 ./stats.o
 .note.GNU-stack
                0x0000000000000000        0x0 /usr/lib/x86_64-linux-gnu/libc_nonshared.a(elf-init.oS)
 .note.GNU-stack
                0x0000000000000000        0x0 /usr/lib/gcc/x86_64-linux-gnu/7/crtendS.o
 .note.GNU-stack
                0x0000000000000000        0x0 /usr/lib/gcc/x86_64-linux-gnu/7/../../../x86_64-linux-gnu/crtn.o

Memory Configuration

Name             Origin             Length             Attributes
*default*        0x0000000000000000 0xffffffffffffffff

Linker script and memory map

LOAD /usr/lib/gcc/x86_64-linux-gnu/7/../../../x86_64-linux-gnu/Scrt1.o
LOAD /usr/lib/gcc/x86_64-linux-gnu/7/../../../x86_64-linux-gnu/crti.o
LOAD /usr/lib/gcc/x86_64-linux-gnu/7/crtbeginS.o
LOAD ./main.o
LOAD ./course1.o
LOAD ./data.o
LOAD ./memory.o
LOAD ./stats.o
LOAD /usr/lib/gcc/x86_64-linux-gnu/7/libgcc.a
LOAD /usr/lib/gcc/x86_64-linux-gnu/7/libgcc_s.so
START GROUP
LOAD /usr/lib/gcc/x86_64-linux-gnu/7/libgcc_s.so.1
LOAD /usr/lib/gcc/x86_64-linux-gnu/7/libgcc.a
END GROUP
LOAD /usr/lib/gcc/x86_64-linux-gnu/7/../../../x86_64-linux-gnu/libc.so
START GROUP
LOAD /lib/x86_64-linux-gnu/libc.so.6
LOAD /usr/lib/x86_64-linux-gnu/libc_nonshared.a
LOAD /lib/x86_64-linux-gnu/ld-linux-x86-64.so.2
END GROUP
LOAD /usr/lib/gcc/x86_64-linux-gnu/7/libgcc.a
LOAD /usr/lib/gcc/x86_64-linux-gnu/7/libgcc_s.so
START GROUP
LOAD /usr/lib/gcc/x86_64-linux-gnu/7/libgcc_s.so.1
LOAD /usr/lib/gcc/x86_64-linux-gnu/7/libgcc.a
END GROUP
LOAD /usr/lib/gcc/x86_64-linux-gnu/7/crtendS.o
LOAD /usr/lib/gcc/x86_64-linux-gnu/7/../../../x86_64-linux-gnu/crtn.o
                [!provide]                        PROVIDE (__executable_start = SEGMENT_START ("text-segment", 0x0))
                0x0000000000000238                . = (SEGMENT_START ("text-segment", 0x0) + SIZEOF_HEADERS)

.interp         0x0000000000000238       0x1c
 *(.interp)
 .interp        0x0000000000000238       0x1c /usr/lib/gcc/x86_64-linux-gnu/7/../../../x86_64-linux-gnu/Scrt1.o

.note.ABI-tag   0x0000000000000254       0x20
 .note.ABI-tag  0x0000000000000254       0x20 /usr/lib/gcc/x86_64-linux-gnu/7/../../../x86_64-linux-gnu/Scrt1.o

.note.gnu.build-id
                0x0000000000000274       0x24
 *(.note.gnu.build-id)
 .note.gnu.build-id
                0x0000000000000274       0x24 /usr/lib/gcc/x86_64-linux-gnu/7/../../../x86_64-linux-gnu/Scrt1.o

.hash
 *(.hash)

.gnu.hash       0x0000000000000298       0x1c
 *(.gnu.hash)
 .gnu.hash      0x0000000000000298       0x1c /usr/lib/gcc/x86_64-linux-gnu/7/../../../x86_64-linux-gnu/Scrt1.o

.dynsym         0x00000000000002b8      0x150
 *(.dynsym)
 .dynsym        0x00000000000002b8      0x150 /usr/lib/gcc/x86_64-linux-gnu/7/../../../x86_64-linux-gnu/Scrt1.o

.dynstr         0x0000000000000408       0xc6
 *(.dynstr)
 .dynstr        0x0000000000000408       0xc6 /usr/lib/gcc/x86_64-linux-gnu/7/../../../x86_64-linux-gnu/Scrt1.o

.gnu.version    0x00000000000004ce       0x1c
 *(.gnu.version)
 .gnu.version   0x00000000000004ce       0x1c /usr/lib/gcc/x86_64-linux-gnu/7/../../../x86_64-linux-gnu/Scrt1.o

.gnu.version_d  0x00000000000004f0        0x0
 *(.gnu.version_d)
 .gnu.version_d
                0x00000000000004f0        0x0 /usr/lib/gcc/x86_64-linux-gnu/7/../../../x86_64-linux-gnu/Scrt1.o

.gnu.version_r  0x00000000000004f0       0x30
 *(.gnu.version_r)
 .gnu.version_r
                0x00000000000004f0       0x30 /usr/lib/gcc/x86_64-linux-gnu/7/../../../x86_64-linux-gnu/Scrt1.o

.rela.dyn       0x0000000000000520       0xc0
 *(.rela.init)
 *(.rela.text .rela.text.* .rela.gnu.linkonce.t.*)
 .rela.text     0x0000000000000520        0x0 /usr/lib/gcc/x86_64-linux-gnu/7/../../../x86_64-linux-gnu/Scrt1.o
 *(.rela.fini)
 *(.rela.rodata .rela.rodata.* .rela.gnu.linkonce.r.*)
 *(.rela.data .rela.data.* .rela.gnu.linkonce.d.*)
 .rela.data.rel.ro
                0x0000000000000520        0x0 /usr/lib/gcc/x86_64-linux-gnu/7/../../../x86_64-linux-gnu/Scrt1.o
 .rela.data.rel.local
                0x0000000000000520       0x18 /usr/lib/gcc/x86_64-linux-gnu/7/../../../x86_64-linux-gnu/Scrt1.o
 *(.rela.tdata .rela.tdata.* .rela.gnu.linkonce.td.*)
 *(.rela.tbss .rela.tbss.* .rela.gnu.linkonce.tb.*)
 *(.rela.ctors)
 *(.rela.dtors)
 *(.rela.got)
 .rela.got      0x0000000000000538       0x78 /usr/lib/gcc/x86_64-linux-gnu/7/../../../x86_64-linux-gnu/Scrt1.o
 *(.rela.bss .rela.bss.* .rela.gnu.linkonce.b.*)
 .rela.bss      0x00000000000005b0        0x0 /usr/lib/gcc/x86_64-linux-gnu/7/../../../x86_64-linux-gnu/Scrt1.o
 *(.rela.ldata .rela.ldata.* .rela.gnu.linkonce.l.*)
 *(.rela.lbss .rela.lbss.* .rela.gnu.linkonce.lb.*)
 *(.rela.lrodata .rela.lrodata.* .rela.gnu.linkonce.lr.*)
 *(.rela.ifunc)
 .rela.ifunc    0x00000000000005b0        0x0 /usr/lib/gcc/x86_64-linux-gnu/7/../../../x86_64-linux-gnu/Scrt1.o
 .rela.fini_array
                0x00000000000005b0       0x18 /usr/lib/gcc/x86_64-linux-gnu/7/../../../x86_64-linux-gnu/Scrt1.o
 .rela.init_array
                0x00000000000005c8       0x18 /usr/lib/gcc/x86_64-linux-gnu/7/../../../x86_64-linux-gnu/Scrt1.o

.rela.plt       0x00000000000005e0       0xc0
 *(.rela.plt)
 .rela.plt      0x00000000000005e0       0xc0 /usr/lib/gcc/x86_64-linux-gnu/7/../../../x86_64-linux-gnu/Scrt1.o
                [!provide]                        PROVIDE (__rela_iplt_start = .)
 *(.rela.iplt)
                [!provide]                        PROVIDE (__rela_iplt_end = .)

.init           0x00000000000006a0       0x17
 *(SORT_NONE(.init))
 .init          0x00000000000006a0       0x12 /usr/lib/gcc/x86_64-linux-gnu/7/../../../x86_64-linux-gnu/crti.o
                0x00000000000006a0                _init
 .init          0x00000000000006b2        0x5 /usr/lib/gcc/x86_64-linux-gnu/7/../../../x86_64-linux-gnu/crtn.o

.plt            0x00000000000006c0       0x90
 *(.plt)
 .plt           0x00000000000006c0       0x90 /usr/lib/gcc/x86_64-linux-gnu/7/../../../x86_64-linux-gnu/Scrt1.o
 *(.iplt)

.plt.got        0x0000000000000750        0x8
 *(.plt.got)
 .plt.got       0x0000000000000750        0x8 /usr/lib/gcc/x86_64-linux-gnu/7/../../../x86_64-linux-gnu/Scrt1.o

.plt.sec
 *(.plt.sec)

.text           0x0000000000000760     0x1472
 *(.text.unlikely .text.*_unlikely .text.unlikely.*)
 *(.text.exit .text.exit.*)
 *(.text.startup .text.startup.*)
 *(.text.hot .text.hot.*)
 *(.text .stub .text.* .gnu.linkonce.t.*)
 .text          0x0000000000000760       0x2b /usr/lib/gcc/x86_64-linux-gnu/7/../../../x86_64-linux-gnu/Scrt1.o
                0x0000000000000760                _start
 .text          0x000000000000078b        0x0 /usr/lib/gcc/x86_64-linux-gnu/7/../../../x86_64-linux-gnu/crti.o
 *fill*         0x000000000000078b        0x5 
 .text          0x0000000000000790       0xda /usr/lib/gcc/x86_64-linux-gnu/7/crtbeginS.o
 .text          0x000000000000086a      0x159 ./main.o
                0x000000000000086a                main
 .text          0x00000000000009c3      0x90f ./course1.o
                0x00000000000009c3                test_data1
                0x0000000000000a83                test_data2
                0x0000000000000b43                test_memmove1
                0x0000000000000c32                test_memmove2
                0x0000000000000d21                test_memmove3
                0x0000000000000e15                test_memcopy
                0x0000000000000f04                test_memset
                0x000000000000102a                test_reverse
                0x00000000000011a7                course1
 .text          0x00000000000012d2      0x25d ./data.o
                0x00000000000012d2                no_of_digits
                0x0000000000001316                my_itoa
                0x000000000000140c                my_atoi
 .text          0x000000000000152f      0x337 ./memory.o
                0x000000000000152f                set_value
                0x0000000000001552                clear_value
                0x000000000000157a                get_value
                0x0000000000001594                set_all
                0x00000000000015d5                clear_all
                0x00000000000015fb                my_memmove
                0x0000000000001697                my_memcopy
                0x0000000000001720                my_memset
                0x000000000000179d                my_memzero
                0x00000000000017c7                my_reverse
                0x000000000000182d                reserve_words
                0x000000000000184b                free_words
 .text          0x0000000000001866      0x2ec ./stats.o
                0x0000000000001866                compare
                0x000000000000188c                compare_rev
                0x00000000000018b2                print_statistics
                0x0000000000001936                print_array
                0x00000000000019a1                find_median
                0x0000000000001a26                find_minimum
                0x0000000000001a7d                find_maximum
                0x0000000000001ad4                find_mean
                0x0000000000001b25                sort_array
 *fill*         0x0000000000001b52        0xe 
 .text          0x0000000000001b60       0x72 /usr/lib/x86_64-linux-gnu/libc_nonshared.a(elf-init.oS)
                0x0000000000001b60                __libc_csu_init
                0x0000000000001bd0                __libc_csu_fini
 .text          0x0000000000001bd2        0x0 /usr/lib/gcc/x86_64-linux-gnu/7/crtendS.o
 .text          0x0000000000001bd2        0x0 /usr/lib/gcc/x86_64-linux-gnu/7/../../../x86_64-linux-gnu/crtn.o
 *(.gnu.warning)

.fini           0x0000000000001bd4        0x9
 *(SORT_NONE(.fini))
 .fini          0x0000000000001bd4        0x4 /usr/lib/gcc/x86_64-linux-gnu/7/../../../x86_64-linux-gnu/crti.o
                0x0000000000001bd4                _fini
 .fini          0x0000000000001bd8        0x5 /usr/lib/gcc/x86_64-linux-gnu/7/../../../x86_64-linux-gnu/crtn.o
                [!provide]                        PROVIDE (__etext = .)
                [!provide]                        PROVIDE (_etext = .)
                [!provide]                        PROVIDE (etext = .)

.rodata         0x0000000000001be0      0x2e9
 *(.rodata .rodata.* .gnu.linkonce.r.*)
 .rodata.cst4   0x0000000000001be0        0x4 /usr/lib/gcc/x86_64-linux-gnu/7/../../../x86_64-linux-gnu/Scrt1.o
                0x0000000000001be0                _IO_stdin_used
 *fill*         0x0000000000001be4        0x4 
 .rodata        0x0000000000001be8      0x185 ./course1.o
 *fill*         0x0000000000001d6d        0x3 
 .rodata        0x0000000000001d70       0xce ./memory.o
 *fill*         0x0000000000001e3e        0x2 
 .rodata        0x0000000000001e40       0x89 ./stats.o

.rodata1
 *(.rodata1)

.eh_frame_hdr   0x0000000000001ecc      0x144
 *(.eh_frame_hdr)
 .eh_frame_hdr  0x0000000000001ecc      0x144 /usr/lib/gcc/x86_64-linux-gnu/7/../../../x86_64-linux-gnu/Scrt1.o
                0x0000000000001ecc                __GNU_EH_FRAME_HDR
 *(.eh_frame_entry .eh_frame_entry.*)

.eh_frame       0x0000000000002010      0x528
 *(.eh_frame)
 .eh_frame      0x0000000000002010       0x30 /usr/lib/gcc/x86_64-linux-gnu/7/../../../x86_64-linux-gnu/Scrt1.o
                                         0x2c (size before relaxing)
 *fill*         0x0000000000002040        0x0 
 .eh_frame      0x0000000000002040       0x40 /usr/lib/gcc/x86_64-linux-gnu/7/../../../x86_64-linux-gnu/Scrt1.o
 .eh_frame      0x0000000000002080       0x18 /usr/lib/gcc/x86_64-linux-gnu/7/../../../x86_64-linux-gnu/Scrt1.o
                                         0x30 (size before relaxing)
 .eh_frame      0x0000000000002098       0x20 ./main.o
                                         0x38 (size before relaxing)
 .eh_frame      0x00000000000020b8      0x120 ./course1.o
                                        0x138 (size before relaxing)
 .eh_frame      0x00000000000021d8       0x60 ./data.o
                                         0x78 (size before relaxing)
 .eh_frame      0x0000000000002238      0x180 ./memory.o
                                        0x198 (size before relaxing)
 .eh_frame      0x00000000000023b8      0x120 ./stats.o
                                        0x138 (size before relaxing)
 .eh_frame      0x00000000000024d8       0x5c /usr/lib/x86_64-linux-gnu/libc_nonshared.a(elf-init.oS)
                                         0x78 (size before relaxing)
 .eh_frame      0x0000000000002534        0x4 /usr/lib/gcc/x86_64-linux-gnu/7/crtendS.o
 *(.eh_frame.*)

.gcc_except_table
 *(.gcc_except_table .gcc_except_table.*)

.gnu_extab
 *(.gnu_extab*)

.exception_ranges
 *(.exception_ranges .exception_ranges*)
                0x0000000000202d80                . = DATA_SEGMENT_ALIGN (CONSTANT (MAXPAGESIZE), CONSTANT (COMMONPAGESIZE))

.eh_frame
 *(.eh_frame)
 *(.eh_frame.*)

.gnu_extab
 *(.gnu_extab)

.gcc_except_table
 *(.gcc_except_table .gcc_except_table.*)

.exception_ranges
 *(.exception_ranges .exception_ranges*)

.tdata
 *(.tdata .tdata.* .gnu.linkonce.td.*)

.tbss
 *(.tbss .tbss.* .gnu.linkonce.tb.*)
 *(.tcommon)

.preinit_array  0x0000000000202d80        0x0
                [!provide]                        PROVIDE (__preinit_array_start = .)
 *(.preinit_array)
                [!provide]                        PROVIDE (__preinit_array_end = .)

.init_array     0x0000000000202d80        0x8
                0x0000000000202d80                PROVIDE (__init_array_start = .)
 *(SORT_BY_INIT_PRIORITY(.init_array.*) SORT_BY_INIT_PRIORITY(.ctors.*))
 *(.init_array EXCLUDE_FILE(*crtend?.o *crtend.o *crtbegin?.o *crtbegin.o) .ctors)
 .init_array    0x0000000000202d80        0x8 /usr/lib/gcc/x86_64-linux-gnu/7/crtbeginS.o
                0x0000000000202d88                PROVIDE (__init_array_end = .)

.fini_array     0x0000000000202d88        0x8
                [!provide]                        PROVIDE (__fini_array_start = .)
 *(SORT_BY_INIT_PRIORITY(.fini_array.*) SORT_BY_INIT_PRIORITY(.dtors.*))
 *(.fini_array EXCLUDE_FILE(*crtend?.o *crtend.o *crtbegin?.o *crtbegin.o) .dtors)
 .fini_array    0x0000000000202d88        0x8 /usr/lib/gcc/x86_64-linux-gnu/7/crtbeginS.o
                [!provide]                        PROVIDE (__fini_array_end = .)

.ctors
 *crtbegin.o(.ctors)
 *crtbegin?.o(.ctors)
 *(EXCLUDE_FILE(*crtend?.o *crtend.o) .ctors)
 *(SORT_BY_NAME(.ctors.*))
 *(.ctors)

.dtors
 *crtbegin.o(.dtors)
 *crtbegin?.o(.dtors)
 *(EXCLUDE_FILE(*crtend?.o *crtend.o) .dtors)
 *(SORT_BY_NAME(.dtors.*))
 *(.dtors)

.jcr
 *(.jcr)

.data.rel.ro    0x0000000000202d90        0x0
 *(.data.rel.ro.local* .gnu.linkonce.d.rel.ro.local.*)
 *(.data.rel.ro .data.rel.ro.* .gnu.linkonce.d.rel.ro.*)
 .data.rel.ro   0x0000000000202d90        0x0 /usr/lib/gcc/x86_64-linux-gnu/7/../../../x86_64-linux-gnu/Scrt1.o

.dynamic        0x0000000000202d90      0x1f0
 *(.dynamic)
 .dynamic       0x0000000000202d90      0x1f0 /usr/lib/gcc/x86_64-linux-gnu/7/../../../x86_64-linux-gnu/Scrt1.o
                0x0000000000202d90                _DYNAMIC

.got            0x0000000000202f80       0x80
 *(.got.plt)
 .got.plt       0x0000000000202f80       0x58 /usr/lib/gcc/x86_64-linux-gnu/7/../../../x86_64-linux-gnu/Scrt1.o
                0x0000000000202f80                _GLOBAL_OFFSET_TABLE_
 *(.igot.plt)
 *(.got)
 .got           0x0000000000202fd8       0x28 /usr/lib/gcc/x86_64-linux-gnu/7/../../../x86_64-linux-gnu/Scrt1.o
 *(.igot)
                0x0000000000203000                . = DATA_SEGMENT_RELRO_END (., 0x0)

.data           0x0000000000203000       0x10
 *(.data .data.* .gnu.linkonce.d.*)
 .data          0x0000000000203000        0x4 /usr/lib/gcc/x86_64-linux-gnu/7/../../../x86_64-linux-gnu/Scrt1.o
                0x0000000000203000                data_start
                0x0000000000203000                __data_start
 .data          0x0000000000203004        0x0 /usr/lib/gcc/x86_64-linux-gnu/7/../../../x86_64-linux-gnu/crti.o
 .data          0x0000000000203004        0x0 /usr/lib/gcc/x86_64-linux-gnu/7/crtbeginS.o
 *fill*         0x0000000000203004        0x4 
 .data.rel.local
                0x0000000000203008        0x8 /usr/lib/gcc/x86_64-linux-gnu/7/crtbeginS.o
                0x0000000000203008                __dso_handle
 .data          0x0000000000203010        0x0 ./main.o
 .data          0x0000000000203010        0x0 ./course1.o
 .data          0x0000000000203010        0x0 ./data.o
 .data          0x0000000000203010        0x0 ./memory.o
 .data          0x0000000000203010        0x0 ./stats.o
 .data          0x0000000000203010        0x0 /usr/lib/x86_64-linux-gnu/libc_nonshared.a(elf-init.oS)
 .data          0x0000000000203010        0x0 /usr/lib/gcc/x86_64-linux-gnu/7/crtendS.o
 .data          0x0000000000203010        0x0 /usr/lib/gcc/x86_64-linux-gnu/7/../../../x86_64-linux-gnu/crtn.o

.tm_clone_table
                0x0000000000203010        0x0
 .tm_clone_table
                0x0000000000203010        0x0 /usr/lib/gcc/x86_64-linux-gnu/7/crtbeginS.o
 .tm_clone_table
                0x0000000000203010        0x0 /usr/lib/gcc/x86_64-linux-gnu/7/crtendS.o

.data1
 *(.data1)
                0x0000000000203010                _edata = .
                [!provide]                        PROVIDE (edata = .)
                0x0000000000203010                . = .
                0x0000000000203010                __bss_start = .

.bss            0x0000000000203010       0x18
 *(.dynbss)
 .dynbss        0x0000000000203010        0x0 /usr/lib/gcc/x86_64-linux-gnu/7/../../../x86_64-linux-gnu/Scrt1.o
 *(.bss .bss.* .gnu.linkonce.b.*)
 .bss           0x0000000000203010        0x0 /usr/lib/gcc/x86_64-linux-gnu/7/../../../x86_64-linux-gnu/Scrt1.o
 .bss           0x0000000000203010        0x0 /usr/lib/gcc/x86_64-linux-gnu/7/../../../x86_64-linux-gnu/crti.o
 .bss           0x0000000000203010        0x1 /usr/lib/gcc/x86_64-linux-gnu/7/crtbeginS.o
 .bss           0x0000000000203011        0x0 ./main.o
 .bss           0x0000000000203011        0x0 ./course1.o
 .bss           0x0000000000203011        0x0 ./data.o
 .bss           0x0000000000203011        0x0 ./memory.o
 .bss           0x0000000000203011        0x0 ./stats.o
 .bss           0x0000000000203011        0x0 /usr/lib/x86_64-linux-gnu/libc_nonshared.a(elf-init.oS)
 .bss           0x0000000000203011        0x0 /usr/lib/gcc/x86_64-linux-gnu/7/crtendS.o
 .bss           0x0000000000203011        0x0 /usr/lib/gcc/x86_64-linux-gnu/7/../../../x86_64-linux-gnu/crtn.o
 *(COMMON)
 *fill*         0x0000000000203011        0x7 
 COMMON         0x0000000000203018        0xa ./main.o
                0x0000000000203018                buffer
                0x0000000000203028                . = ALIGN ((. != 0x0)?0x8:0x1)
 *fill*         0x0000000000203022        0x6 

.lbss
 *(.dynlbss)
 *(.lbss .lbss.* .gnu.linkonce.lb.*)
 *(LARGE_COMMON)
                0x0000000000203028                . = ALIGN (0x8)
                0x0000000000203028                . = SEGMENT_START ("ldata-segment", .)

.lrodata
 *(.lrodata .lrodata.* .gnu.linkonce.lr.*)

.ldata          0x0000000000603028        0x0
 *(.ldata .ldata.* .gnu.linkonce.l.*)
                0x0000000000603028                . = ALIGN ((. != 0x0)?0x8:0x1)
                0x0000000000603028                . = ALIGN (0x8)
                0x0000000000603028                _end = .
                [!provide]                        PROVIDE (end = .)
                0x0000000000603028                . = DATA_SEGMENT_END (.)

.stab
 *(.stab)

.stabstr
 *(.stabstr)

.stab.excl
 *(.stab.excl)

.stab.exclstr
 *(.stab.exclstr)

.stab.index
 *(.stab.index)

.stab.indexstr
 *(.stab.indexstr)

.comment        0x0000000000000000       0x29
 *(.comment)
 .comment       0x0000000000000000       0x29 /usr/lib/gcc/x86_64-linux-gnu/7/crtbeginS.o
                                         0x2a (size before relaxing)
 .comment       0x0000000000000029       0x2a ./main.o
 .comment       0x0000000000000029       0x2a ./course1.o
 .comment       0x0000000000000029       0x2a ./data.o
 .comment       0x0000000000000029       0x2a ./memory.o
 .comment       0x0000000000000029       0x2a ./stats.o
 .comment       0x0000000000000029       0x2a /usr/lib/gcc/x86_64-linux-gnu/7/crtendS.o

.debug
 *(.debug)

.line
 *(.line)

.debug_srcinfo
 *(.debug_srcinfo)

.debug_sfnames
 *(.debug_sfnames)

.debug_aranges  0x0000000000000000       0xf0
 *(.debug_aranges)
 .debug_aranges
                0x0000000000000000       0x30 ./main.o
 .debug_aranges
                0x0000000000000030       0x30 ./course1.o
 .debug_aranges
                0x0000000000000060       0x30 ./data.o
 .debug_aranges
                0x0000000000000090       0x30 ./memory.o
 .debug_aranges
                0x00000000000000c0       0x30 ./stats.o

.debug_pubnames
 *(.debug_pubnames)

.debug_info     0x0000000000000000     0x1898
 *(.debug_info .gnu.linkonce.wi.*)
 .debug_info    0x0000000000000000      0x32e ./main.o
 .debug_info    0x000000000000032e      0x6a7 ./course1.o
 .debug_info    0x00000000000009d5      0x21f ./data.o
 .debug_info    0x0000000000000bf4      0x6ac ./memory.o
 .debug_info    0x00000000000012a0      0x5f8 ./stats.o

.debug_abbrev   0x0000000000000000      0x608
 *(.debug_abbrev)
 .debug_abbrev  0x0000000000000000      0x105 ./main.o
 .debug_abbrev  0x0000000000000105      0x15e ./course1.o
 .debug_abbrev  0x0000000000000263       0xd7 ./data.o
 .debug_abbrev  0x000000000000033a      0x15c ./memory.o
 .debug_abbrev  0x0000000000000496      0x172 ./stats.o

.debug_line     0x0000000000000000      0x736
 *(.debug_line .debug_line.* .debug_line_end)
 .debug_line    0x0000000000000000       0xf2 ./main.o
 .debug_line    0x00000000000000f2      0x26f ./course1.o
 .debug_line    0x0000000000000361      0x10d ./data.o
 .debug_line    0x000000000000046e      0x179 ./memory.o
 .debug_line    0x00000000000005e7      0x14f ./stats.o

.debug_frame
 *(.debug_frame)

.debug_str      0x0000000000000000      0x506
 *(.debug_str)
 .debug_str     0x0000000000000000      0x2aa ./main.o
                                        0x2df (size before relaxing)
 .debug_str     0x00000000000002aa       0xb5 ./course1.o
                                        0x3b1 (size before relaxing)
 .debug_str     0x000000000000035f       0x50 ./data.o
                                        0x187 (size before relaxing)
 .debug_str     0x00000000000003af       0xa0 ./memory.o
                                        0x3a0 (size before relaxing)
 .debug_str     0x000000000000044f       0xb7 ./stats.o
                                        0x396 (size before relaxing)

.debug_loc
 *(.debug_loc)

.debug_macinfo
 *(.debug_macinfo)

.debug_weaknames
 *(.debug_weaknames)

.debug_funcnames
 *(.debug_funcnames)

.debug_typenames
 *(.debug_typenames)

.debug_varnames
 *(.debug_varnames)

.debug_pubtypes
 *(.debug_pubtypes)

.debug_ranges
 *(.debug_ranges)

.debug_macro
 *(.debug_macro)

.debug_addr
 *(.debug_addr)

.gnu.attributes
 *(.gnu.attributes)

/DISCARD/
 *(.note.GNU-stack)
 *(.gnu_debuglink)
 *(.gnu.lto_*)
OUTPUT(c1m2.out elf64-x86-64)
